// Jest Snapshot v1, https://goo.gl/fbAQLP

exports[`SimpleComponent snapshots 1`] = `
<app-simple
  size="null"
>
  <p>
    
    simple works!
  
  </p>
  
</app-simple>
`;
